(node:3080) [MODULE_TYPELESS_PACKAGE_JSON] Warning: Module type of file:///C:/Users/LENOVO/Desktop/NEX/NEXUS/nexus/postcss.config.js?t=1790017085568 is not specified and it doesn't parse as CommonJS.
Reparsing as ES module because module syntax was detected. This incurs a performance overhead.
To eliminate this warning, add "type": "module" to \\?\C:\Users\LENOVO\Desktop\NEX\NEXUS\nexus\package.json.
(Use `node --trace-warnings ...` to show where the warning was created)
(node:4808) [MODULE_TYPELESS_PACKAGE_JSON] Warning: Module type of file:///C:/Users/LENOVO/Desktop/NEX/NEXUS/nexus/postcss.config.js?t=1790018958884 is not specified and it doesn't parse as CommonJS.
Reparsing as ES module because module syntax was detected. This incurs a performance overhead.
To eliminate this warning, add "type": "module" to \\?\C:\Users\LENOVO\Desktop\NEX\NEXUS\nexus\package.json.
(Use `node --trace-warnings ...` to show where the warning was created)
[2m1:05:25 AM[22m [31m[1m[vite][22m[39m [31mInternal server error: Transform failed with 1 error:

[31m[PARSE_ERROR] [0mUnexpected JSX expression
     [38;5;246m╭[0m[38;5;246m─[0m[38;5;246m[[0m src/lib/markdown.js:103:18 [38;5;246m][0m
     [38;5;246m│[0m
 [38;5;246m103 │[0m [38;5;249m [0m[38;5;249m [0m[38;5;249m [0m[38;5;249m [0m[38;5;249m [0m[38;5;249m [0m[38;5;249mp[0m[38;5;249ma[0m[38;5;249mr[0m[38;5;249mt[0m[38;5;249ms[0m[38;5;249m.[0m[38;5;249mp[0m[38;5;249mu[0m[38;5;249ms[0m[38;5;249mh[0m[38;5;249m([0m<[38;5;249ms[0m[38;5;249mt[0m[38;5;249mr[0m[38;5;249mo[0m[38;5;249mn[0m[38;5;249mg[0m[38;5;249m [0m[38;5;249mk[0m[38;5;249me[0m[38;5;249my[0m[38;5;249m=[0m[38;5;249m{[0m[38;5;249mm[0m[38;5;249ma[0m[38;5;249mt[0m[38;5;249mc[0m[38;5;249mh[0m[38;5;249m.[0m[38;5;249mi[0m[38;5;249mn[0m[38;5;249md[0m[38;5;249me[0m[38;5;249mx[0m[38;5;249m}[0m[38;5;249m>[0m[38;5;249m{[0m[38;5;249mm[0m[38;5;249ma[0m[38;5;249mt[0m[38;5;249mc[0m[38;5;249mh[0m[38;5;249m[[0m[38;5;249m2[0m[38;5;249m][0m[38;5;249m}[0m[38;5;249m<[0m[38;5;249m/[0m[38;5;249ms[0m[38;5;249mt[0m[38;5;249mr[0m[38;5;249mo[0m[38;5;249mn[0m[38;5;249mg[0m[38;5;249m>[0m[38;5;249m)[0m[38;5;249m;[0m
 [38;5;240m    │[0m                  ┬  
 [38;5;240m    │[0m                  ╰── 
 [38;5;240m    │[0m 
 [38;5;240m    │[0m [38;5;115mHelp[0m: JSX syntax is disabled and should be enabled via the parser options
[38;5;246m─────╯[0m
[39m
  Plugin: [35mvite:oxc[39m
  File: [36mC:/Users/LENOVO/Desktop/NEX/NEXUS/nexus/src/lib/markdown.js[39m
      at transformWithOxc (file:///C:/Users/LENOVO/Desktop/NEX/NEXUS/node_modules/vite/dist/node/chunks/node.js:4033:19)
      at TransformPluginContext.transform (file:///C:/Users/LENOVO/Desktop/NEX/NEXUS/node_modules/vite/dist/node/chunks/node.js:4104:26)
      at EnvironmentPluginContainer.transform (file:///C:/Users/LENOVO/Desktop/NEX/NEXUS/node_modules/vite/dist/node/chunks/node.js:30201:51)
      at async loadAndTransform (file:///C:/Users/LENOVO/Desktop/NEX/NEXUS/node_modules/vite/dist/node/chunks/node.js:20124:26)
[2m1:05:25 AM[22m [31m[1m[vite][22m[39m [31m[2m(client)[22m[39m Pre-transform error: Transform failed with 1 error:

[31m[PARSE_ERROR] [0mUnexpected JSX expression
     [38;5;246m╭[0m[38;5;246m─[0m[38;5;246m[[0m src/lib/markdown.js:103:18 [38;5;246m][0m
     [38;5;246m│[0m
 [38;5;246m103 │[0m [38;5;249m [0m[38;5;249m [0m[38;5;249m [0m[38;5;249m [0m[38;5;249m [0m[38;5;249m [0m[38;5;249mp[0m[38;5;249ma[0m[38;5;249mr[0m[38;5;249mt[0m[38;5;249ms[0m[38;5;249m.[0m[38;5;249mp[0m[38;5;249mu[0m[38;5;249ms[0m[38;5;249mh[0m[38;5;249m([0m<[38;5;249ms[0m[38;5;249mt[0m[38;5;249mr[0m[38;5;249mo[0m[38;5;249mn[0m[38;5;249mg[0m[38;5;249m [0m[38;5;249mk[0m[38;5;249me[0m[38;5;249my[0m[38;5;249m=[0m[38;5;249m{[0m[38;5;249mm[0m[38;5;249ma[0m[38;5;249mt[0m[38;5;249mc[0m[38;5;249mh[0m[38;5;249m.[0m[38;5;249mi[0m[38;5;249mn[0m[38;5;249md[0m[38;5;249me[0m[38;5;249mx[0m[38;5;249m}[0m[38;5;249m>[0m[38;5;249m{[0m[38;5;249mm[0m[38;5;249ma[0m[38;5;249mt[0m[38;5;249mc[0m[38;5;249mh[0m[38;5;249m[[0m[38;5;249m2[0m[38;5;249m][0m[38;5;249m}[0m[38;5;249m<[0m[38;5;249m/[0m[38;5;249ms[0m[38;5;249mt[0m[38;5;249mr[0m[38;5;249mo[0m[38;5;249mn[0m[38;5;249mg[0m[38;5;249m>[0m[38;5;249m)[0m[38;5;249m;[0m
 [38;5;240m    │[0m                  ┬  
 [38;5;240m    │[0m                  ╰── 
 [38;5;240m    │[0m 
 [38;5;240m    │[0m [38;5;115mHelp[0m: JSX syntax is disabled and should be enabled via the parser options
[38;5;246m─────╯[0m

  Plugin: [35mvite:oxc[39m
  File: [36mC:/Users/LENOVO/Desktop/NEX/NEXUS/nexus/src/lib/markdown.js[39m
[2m1:07:38 AM[22m [31m[1m[vite][22m[39m [31m[2m(client)[22m[39m Pre-transform error: Transform failed with 1 error:

[31m[PARSE_ERROR] [0mUnexpected JSX expression
     [38;5;246m╭[0m[38;5;246m─[0m[38;5;246m[[0m src/lib/markdown.js:103:18 [38;5;246m][0m
     [38;5;246m│[0m
 [38;5;246m103 │[0m [38;5;249m [0m[38;5;249m [0m[38;5;249m [0m[38;5;249m [0m[38;5;249m [0m[38;5;249m [0m[38;5;249mp[0m[38;5;249ma[0m[38;5;249mr[0m[38;5;249mt[0m[38;5;249ms[0m[38;5;249m.[0m[38;5;249mp[0m[38;5;249mu[0m[38;5;249ms[0m[38;5;249mh[0m[38;5;249m([0m<[38;5;249ms[0m[38;5;249mt[0m[38;5;249mr[0m[38;5;249mo[0m[38;5;249mn[0m[38;5;249mg[0m[38;5;249m [0m[38;5;249mk[0m[38;5;249me[0m[38;5;249my[0m[38;5;249m=[0m[38;5;249m{[0m[38;5;249mm[0m[38;5;249ma[0m[38;5;249mt[0m[38;5;249mc[0m[38;5;249mh[0m[38;5;249m.[0m[38;5;249mi[0m[38;5;249mn[0m[38;5;249md[0m[38;5;249me[0m[38;5;249mx[0m[38;5;249m}[0m[38;5;249m>[0m[38;5;249m{[0m[38;5;249mm[0m[38;5;249ma[0m[38;5;249mt[0m[38;5;249mc[0m[38;5;249mh[0m[38;5;249m[[0m[38;5;249m2[0m[38;5;249m][0m[38;5;249m}[0m[38;5;249m<[0m[38;5;249m/[0m[38;5;249ms[0m[38;5;249mt[0m[38;5;249mr[0m[38;5;249mo[0m[38;5;249mn[0m[38;5;249mg[0m[38;5;249m>[0m[38;5;249m)[0m[38;5;249m;[0m
 [38;5;240m    │[0m                  ┬  
 [38;5;240m    │[0m                  ╰── 
 [38;5;240m    │[0m 
 [38;5;240m    │[0m [38;5;115mHelp[0m: JSX syntax is disabled and should be enabled via the parser options
[38;5;246m─────╯[0m

  Plugin: [35mvite:oxc[39m
  File: [36mC:/Users/LENOVO/Desktop/NEX/NEXUS/nexus/src/lib/markdown.js[39m
[2m1:11:05 AM[22m [31m[1m[vite][22m[39m [31m[2m(client)[22m[39m Pre-transform error: Transform failed with 1 error:

[31m[PARSE_ERROR] [0mUnexpected JSX expression
     [38;5;246m╭[0m[38;5;246m─[0m[38;5;246m[[0m src/lib/markdown.js:103:18 [38;5;246m][0m
     [38;5;246m│[0m
 [38;5;246m103 │[0m [38;5;249m [0m[38;5;249m [0m[38;5;249m [0m[38;5;249m [0m[38;5;249m [0m[38;5;249m [0m[38;5;249mp[0m[38;5;249ma[0m[38;5;249mr[0m[38;5;249mt[0m[38;5;249ms[0m[38;5;249m.[0m[38;5;249mp[0m[38;5;249mu[0m[38;5;249ms[0m[38;5;249mh[0m[38;5;249m([0m<[38;5;249ms[0m[38;5;249mt[0m[38;5;249mr[0m[38;5;249mo[0m[38;5;249mn[0m[38;5;249mg[0m[38;5;249m [0m[38;5;249mk[0m[38;5;249me[0m[38;5;249my[0m[38;5;249m=[0m[38;5;249m{[0m[38;5;249mm[0m[38;5;249ma[0m[38;5;249mt[0m[38;5;249mc[0m[38;5;249mh[0m[38;5;249m.[0m[38;5;249mi[0m[38;5;249mn[0m[38;5;249md[0m[38;5;249me[0m[38;5;249mx[0m[38;5;249m}[0m[38;5;249m>[0m[38;5;249m{[0m[38;5;249mm[0m[38;5;249ma[0m[38;5;249mt[0m[38;5;249mc[0m[38;5;249mh[0m[38;5;249m[[0m[38;5;249m2[0m[38;5;249m][0m[38;5;249m}[0m[38;5;249m<[0m[38;5;249m/[0m[38;5;249ms[0m[38;5;249mt[0m[38;5;249mr[0m[38;5;249mo[0m[38;5;249mn[0m[38;5;249mg[0m[38;5;249m>[0m[38;5;249m)[0m[38;5;249m;[0m
 [38;5;240m    │[0m                  ┬  
 [38;5;240m    │[0m                  ╰── 
 [38;5;240m    │[0m 
 [38;5;240m    │[0m [38;5;115mHelp[0m: JSX syntax is disabled and should be enabled via the parser options
[38;5;246m─────╯[0m

  Plugin: [35mvite:oxc[39m
  File: [36mC:/Users/LENOVO/Desktop/NEX/NEXUS/nexus/src/lib/markdown.js[39m
[2m1:13:02 AM[22m [31m[1m[vite][22m[39m [31mInternal server error: Transform failed with 1 error:

[31m[PARSE_ERROR] [0mUnexpected JSX expression
     [38;5;246m╭[0m[38;5;246m─[0m[38;5;246m[[0m src/lib/markdown.js:103:18 [38;5;246m][0m
     [38;5;246m│[0m
 [38;5;246m103 │[0m [38;5;249m [0m[38;5;249m [0m[38;5;249m [0m[38;5;249m [0m[38;5;249m [0m[38;5;249m [0m[38;5;249mp[0m[38;5;249ma[0m[38;5;249mr[0m[38;5;249mt[0m[38;5;249ms[0m[38;5;249m.[0m[38;5;249mp[0m[38;5;249mu[0m[38;5;249ms[0m[38;5;249mh[0m[38;5;249m([0m<[38;5;249ms[0m[38;5;249mt[0m[38;5;249mr[0m[38;5;249mo[0m[38;5;249mn[0m[38;5;249mg[0m[38;5;249m [0m[38;5;249mk[0m[38;5;249me[0m[38;5;249my[0m[38;5;249m=[0m[38;5;249m{[0m[38;5;249mm[0m[38;5;249ma[0m[38;5;249mt[0m[38;5;249mc[0m[38;5;249mh[0m[38;5;249m.[0m[38;5;249mi[0m[38;5;249mn[0m[38;5;249md[0m[38;5;249me[0m[38;5;249mx[0m[38;5;249m}[0m[38;5;249m>[0m[38;5;249m{[0m[38;5;249mm[0m[38;5;249ma[0m[38;5;249mt[0m[38;5;249mc[0m[38;5;249mh[0m[38;5;249m[[0m[38;5;249m2[0m[38;5;249m][0m[38;5;249m}[0m[38;5;249m<[0m[38;5;249m/[0m[38;5;249ms[0m[38;5;249mt[0m[38;5;249mr[0m[38;5;249mo[0m[38;5;249mn[0m[38;5;249mg[0m[38;5;249m>[0m[38;5;249m)[0m[38;5;249m;[0m
 [38;5;240m    │[0m                  ┬  
 [38;5;240m    │[0m                  ╰── 
 [38;5;240m    │[0m 
 [38;5;240m    │[0m [38;5;115mHelp[0m: JSX syntax is disabled and should be enabled via the parser options
[38;5;246m─────╯[0m
[39m
  Plugin: [35mvite:oxc[39m
  File: [36mC:/Users/LENOVO/Desktop/NEX/NEXUS/nexus/src/lib/markdown.js[39m
      at transformWithOxc (file:///C:/Users/LENOVO/Desktop/NEX/NEXUS/node_modules/vite/dist/node/chunks/node.js:4033:19)
      at TransformPluginContext.transform (file:///C:/Users/LENOVO/Desktop/NEX/NEXUS/node_modules/vite/dist/node/chunks/node.js:4104:26)
      at EnvironmentPluginContainer.transform (file:///C:/Users/LENOVO/Desktop/NEX/NEXUS/node_modules/vite/dist/node/chunks/node.js:30201:51)
      at async loadAndTransform (file:///C:/Users/LENOVO/Desktop/NEX/NEXUS/node_modules/vite/dist/node/chunks/node.js:20124:26)
      at async viteTransformMiddleware (file:///C:/Users/LENOVO/Desktop/NEX/NEXUS/node_modules/vite/dist/node/chunks/node.js:24604:20)
[2m1:14:33 AM[22m [31m[1m[vite][22m[39m [31m[2m(client)[22m[39m Pre-transform error: Transform failed with 1 error:

[31m[PARSE_ERROR] [0mUnexpected JSX expression
     [38;5;246m╭[0m[38;5;246m─[0m[38;5;246m[[0m src/lib/markdown.js:103:18 [38;5;246m][0m
     [38;5;246m│[0m
 [38;5;246m103 │[0m [38;5;249m [0m[38;5;249m [0m[38;5;249m [0m[38;5;249m [0m[38;5;249m [0m[38;5;249m [0m[38;5;249mp[0m[38;5;249ma[0m[38;5;249mr[0m[38;5;249mt[0m[38;5;249ms[0m[38;5;249m.[0m[38;5;249mp[0m[38;5;249mu[0m[38;5;249ms[0m[38;5;249mh[0m[38;5;249m([0m<[38;5;249ms[0m[38;5;249mt[0m[38;5;249mr[0m[38;5;249mo[0m[38;5;249mn[0m[38;5;249mg[0m[38;5;249m [0m[38;5;249mk[0m[38;5;249me[0m[38;5;249my[0m[38;5;249m=[0m[38;5;249m{[0m[38;5;249mm[0m[38;5;249ma[0m[38;5;249mt[0m[38;5;249mc[0m[38;5;249mh[0m[38;5;249m.[0m[38;5;249mi[0m[38;5;249mn[0m[38;5;249md[0m[38;5;249me[0m[38;5;249mx[0m[38;5;249m}[0m[38;5;249m>[0m[38;5;249m{[0m[38;5;249mm[0m[38;5;249ma[0m[38;5;249mt[0m[38;5;249mc[0m[38;5;249mh[0m[38;5;249m[[0m[38;5;249m2[0m[38;5;249m][0m[38;5;249m}[0m[38;5;249m<[0m[38;5;249m/[0m[38;5;249ms[0m[38;5;249mt[0m[38;5;249mr[0m[38;5;249mo[0m[38;5;249mn[0m[38;5;249mg[0m[38;5;249m>[0m[38;5;249m)[0m[38;5;249m;[0m
 [38;5;240m    │[0m                  ┬  
 [38;5;240m    │[0m                  ╰── 
 [38;5;240m    │[0m 
 [38;5;240m    │[0m [38;5;115mHelp[0m: JSX syntax is disabled and should be enabled via the parser options
[38;5;246m─────╯[0m

  Plugin: [35mvite:oxc[39m
  File: [36mC:/Users/LENOVO/Desktop/NEX/NEXUS/nexus/src/lib/markdown.js[39m
[2m1:14:33 AM[22m [31m[1m[vite][22m[39m [31mInternal server error: Transform failed with 1 error:

[31m[PARSE_ERROR] [0mUnexpected JSX expression
     [38;5;246m╭[0m[38;5;246m─[0m[38;5;246m[[0m src/lib/markdown.js:103:18 [38;5;246m][0m
     [38;5;246m│[0m
 [38;5;246m103 │[0m [38;5;249m [0m[38;5;249m [0m[38;5;249m [0m[38;5;249m [0m[38;5;249m [0m[38;5;249m [0m[38;5;249mp[0m[38;5;249ma[0m[38;5;249mr[0m[38;5;249mt[0m[38;5;249ms[0m[38;5;249m.[0m[38;5;249mp[0m[38;5;249mu[0m[38;5;249ms[0m[38;5;249mh[0m[38;5;249m([0m<[38;5;249ms[0m[38;5;249mt[0m[38;5;249mr[0m[38;5;249mo[0m[38;5;249mn[0m[38;5;249mg[0m[38;5;249m [0m[38;5;249mk[0m[38;5;249me[0m[38;5;249my[0m[38;5;249m=[0m[38;5;249m{[0m[38;5;249mm[0m[38;5;249ma[0m[38;5;249mt[0m[38;5;249mc[0m[38;5;249mh[0m[38;5;249m.[0m[38;5;249mi[0m[38;5;249mn[0m[38;5;249md[0m[38;5;249me[0m[38;5;249mx[0m[38;5;249m}[0m[38;5;249m>[0m[38;5;249m{[0m[38;5;249mm[0m[38;5;249ma[0m[38;5;249mt[0m[38;5;249mc[0m[38;5;249mh[0m[38;5;249m[[0m[38;5;249m2[0m[38;5;249m][0m[38;5;249m}[0m[38;5;249m<[0m[38;5;249m/[0m[38;5;249ms[0m[38;5;249mt[0m[38;5;249mr[0m[38;5;249mo[0m[38;5;249mn[0m[38;5;249mg[0m[38;5;249m>[0m[38;5;249m)[0m[38;5;249m;[0m
 [38;5;240m    │[0m                  ┬  
 [38;5;240m    │[0m                  ╰── 
 [38;5;240m    │[0m 
 [38;5;240m    │[0m [38;5;115mHelp[0m: JSX syntax is disabled and should be enabled via the parser options
[38;5;246m─────╯[0m
[39m
  Plugin: [35mvite:oxc[39m
  File: [36mC:/Users/LENOVO/Desktop/NEX/NEXUS/nexus/src/lib/markdown.js[39m
      at transformWithOxc (file:///C:/Users/LENOVO/Desktop/NEX/NEXUS/node_modules/vite/dist/node/chunks/node.js:4033:19)
      at TransformPluginContext.transform (file:///C:/Users/LENOVO/Desktop/NEX/NEXUS/node_modules/vite/dist/node/chunks/node.js:4104:26)
      at EnvironmentPluginContainer.transform (file:///C:/Users/LENOVO/Desktop/NEX/NEXUS/node_modules/vite/dist/node/chunks/node.js:30201:51)
      at async loadAndTransform (file:///C:/Users/LENOVO/Desktop/NEX/NEXUS/node_modules/vite/dist/node/chunks/node.js:20124:26)
      at async viteTransformMiddleware (file:///C:/Users/LENOVO/Desktop/NEX/NEXUS/node_modules/vite/dist/node/chunks/node.js:24604:20)
[2m1:17:55 AM[22m [31m[1m[vite][22m[39m [31mInternal server error: Transform failed with 1 error:

[31m[PARSE_ERROR] [0mUnexpected JSX expression
     [38;5;246m╭[0m[38;5;246m─[0m[38;5;246m[[0m src/lib/markdown.js:103:18 [38;5;246m][0m
     [38;5;246m│[0m
 [38;5;246m103 │[0m [38;5;249m [0m[38;5;249m [0m[38;5;249m [0m[38;5;249m [0m[38;5;249m [0m[38;5;249m [0m[38;5;249mp[0m[38;5;249ma[0m[38;5;249mr[0m[38;5;249mt[0m[38;5;249ms[0m[38;5;249m.[0m[38;5;249mp[0m[38;5;249mu[0m[38;5;249ms[0m[38;5;249mh[0m[38;5;249m([0m<[38;5;249ms[0m[38;5;249mt[0m[38;5;249mr[0m[38;5;249mo[0m[38;5;249mn[0m[38;5;249mg[0m[38;5;249m [0m[38;5;249mk[0m[38;5;249me[0m[38;5;249my[0m[38;5;249m=[0m[38;5;249m{[0m[38;5;249mm[0m[38;5;249ma[0m[38;5;249mt[0m[38;5;249mc[0m[38;5;249mh[0m[38;5;249m.[0m[38;5;249mi[0m[38;5;249mn[0m[38;5;249md[0m[38;5;249me[0m[38;5;249mx[0m[38;5;249m}[0m[38;5;249m>[0m[38;5;249m{[0m[38;5;249mm[0m[38;5;249ma[0m[38;5;249mt[0m[38;5;249mc[0m[38;5;249mh[0m[38;5;249m[[0m[38;5;249m2[0m[38;5;249m][0m[38;5;249m}[0m[38;5;249m<[0m[38;5;249m/[0m[38;5;249ms[0m[38;5;249mt[0m[38;5;249mr[0m[38;5;249mo[0m[38;5;249mn[0m[38;5;249mg[0m[38;5;249m>[0m[38;5;249m)[0m[38;5;249m;[0m
 [38;5;240m    │[0m                  ┬  
 [38;5;240m    │[0m                  ╰── 
 [38;5;240m    │[0m 
 [38;5;240m    │[0m [38;5;115mHelp[0m: JSX syntax is disabled and should be enabled via the parser options
[38;5;246m─────╯[0m
[39m
  Plugin: [35mvite:oxc[39m
  File: [36mC:/Users/LENOVO/Desktop/NEX/NEXUS/nexus/src/lib/markdown.js[39m
      at transformWithOxc (file:///C:/Users/LENOVO/Desktop/NEX/NEXUS/node_modules/vite/dist/node/chunks/node.js:4033:19)
      at TransformPluginContext.transform (file:///C:/Users/LENOVO/Desktop/NEX/NEXUS/node_modules/vite/dist/node/chunks/node.js:4104:26)
      at EnvironmentPluginContainer.transform (file:///C:/Users/LENOVO/Desktop/NEX/NEXUS/node_modules/vite/dist/node/chunks/node.js:30201:51)
      at async loadAndTransform (file:///C:/Users/LENOVO/Desktop/NEX/NEXUS/node_modules/vite/dist/node/chunks/node.js:20124:26)
      at async viteTransformMiddleware (file:///C:/Users/LENOVO/Desktop/NEX/NEXUS/node_modules/vite/dist/node/chunks/node.js:24604:20)
